// Jest Snapshot v1, https://goo.gl/fbAQLP

exports[`Bookings should render as expected 1`] = `[Function]`;
