// Jest Snapshot v1, https://goo.gl/fbAQLP

exports[`BookingsScreen should render as expected 1`] = `[Function]`;
